App.tsx(1270,17): error TS2322: Type 'CloudSession | null' is not assignable to type 'CloudSession'.
  Type 'null' is not assignable to type 'CloudSession'.
App.tsx(1273,17): error TS2322: Type 'string | undefined' is not assignable to type 'string'.
  Type 'undefined' is not assignable to type 'string'.
App.tsx(1276,17): error TS2322: Type '(log: Omit<GlobalLogEntry, "id" | "timestamp">) => void' is not assignable to type '(message: string) => void'.
  Types of parameters 'log' and 'message' are incompatible.
    Type 'string' is not assignable to type 'Omit<GlobalLogEntry, "id" | "timestamp">'.
components/ProtocolAudit.tsx(1201,29): error TS2322: Type '"PENDING" | "PASS" | "FAIL" | "TIMEOUT"' is not assignable to type '"PASS" | "FAIL" | "TIMEOUT"'.
  Type '"PENDING"' is not assignable to type '"PASS" | "FAIL" | "TIMEOUT"'.
components/ProtocolAudit.tsx(1273,25): error TS2322: Type '"PENDING" | "PASS" | "FAIL" | "TIMEOUT"' is not assignable to type '"PASS" | "FAIL" | "TIMEOUT"'.
  Type '"PENDING"' is not assignable to type '"PASS" | "FAIL" | "TIMEOUT"'.
components/ProtocolAudit.tsx(1343,20): error TS2304: Cannot find name 'generateJUnitXML'.
components/ProtocolAudit.tsx(1594,88): error TS2304: Cannot find name 'startEditingSuite'.
components/ProtocolAudit.tsx(1737,64): error TS18048: 'methodConfig' is possibly 'undefined'.
components/ProtocolAudit.tsx(1743,80): error TS18048: 'methodConfig' is possibly 'undefined'.
components/ProtocolAudit.tsx(1766,60): error TS18048: 'methodConfig' is possibly 'undefined'.
components/ProtocolAudit.tsx(1772,76): error TS18048: 'methodConfig' is possibly 'undefined'.
components/ProtocolAudit.tsx(1908,84): error TS2304: Cannot find name 'MethodType'.
components/ProtocolAudit.tsx(2011,110): error TS2339: Property 'requestPayload' does not exist on type 'MethodTest'.
components/ProtocolAudit.tsx(2025,114): error TS2339: Property 'responseSchema' does not exist on type 'MethodTest'.
components/ProtocolAudit.tsx(2035,103): error TS2339: Property 'requestPayload' does not exist on type 'MethodTest'.
components/ProtocolAudit.tsx(2039,77): error TS2322: Type '(testCase: TestCase) => Promise<{ status: "PENDING" | "PASS" | "FAIL" | "TIMEOUT"; duration: number; response: any; error: string | undefined; }>' is not assignable to type '(testCase: TestCase) => Promise<{ status: "PASS" | "FAIL" | "TIMEOUT"; duration: number; response?: any; error?: string | undefined; } | undefined>'.
  Type 'Promise<{ status: "PENDING" | "PASS" | "FAIL" | "TIMEOUT"; duration: number; response: any; error: string | undefined; }>' is not assignable to type 'Promise<{ status: "PASS" | "FAIL" | "TIMEOUT"; duration: number; response?: any; error?: string | undefined; } | undefined>'.
    Type '{ status: "PENDING" | "PASS" | "FAIL" | "TIMEOUT"; duration: number; response: any; error: string | undefined; }' is not assignable to type '{ status: "PASS" | "FAIL" | "TIMEOUT"; duration: number; response?: any; error?: string | undefined; }'.
      Types of property 'status' are incompatible.
        Type '"PENDING" | "PASS" | "FAIL" | "TIMEOUT"' is not assignable to type '"PASS" | "FAIL" | "TIMEOUT"'.
          Type '"PENDING"' is not assignable to type '"PASS" | "FAIL" | "TIMEOUT"'.
components/ProtocolAudit.tsx(2113,48): error TS2304: Cannot find name 'newSuite'.
components/ProtocolAudit.tsx(2114,56): error TS2552: Cannot find name 'setNewSuite'. Did you mean 'setSuites'?
components/ProtocolAudit.tsx(2114,68): error TS7006: Parameter 'p' implicitly has an 'any' type.
components/ProtocolAudit.tsx(2122,48): error TS2304: Cannot find name 'newSuite'.
components/ProtocolAudit.tsx(2123,56): error TS2552: Cannot find name 'setNewSuite'. Did you mean 'setSuites'?
components/ProtocolAudit.tsx(2123,68): error TS7006: Parameter 'p' implicitly has an 'any' type.
components/ProtocolAudit.tsx(2195,78): error TS2339: Property 'id' does not exist on type 'ProtocolTemplate'.
components/ProtocolAudit.tsx(2199,93): error TS7015: Element implicitly has an 'any' type because index expression is not of type 'number'.
components/ProtocolAudit.tsx(2202,113): error TS7015: Element implicitly has an 'any' type because index expression is not of type 'number'.
components/ProtocolAudit.tsx(2203,113): error TS7015: Element implicitly has an 'any' type because index expression is not of type 'number'.
components/ProtocolAudit.tsx(2233,80): error TS2304: Cannot find name 'MethodType'.
components/ProtocolAudit.tsx(2240,78): error TS2304: Cannot find name 'MethodType'.
